// Jest Snapshot v1, https://goo.gl/fbAQLP

exports[`Pruebas en HookApp.js Debe hacer un snapshot de HookApp 1`] = `
<div>
  <h1>
    Hola Hook App
  </h1>
</div>
`;
